#-----------------------------------------------------------
# Vivado v2024.1 (64-bit)
# SW Build 5076996 on Wed May 22 18:37:14 MDT 2024
# IP Build 5075265 on Wed May 22 21:45:21 MDT 2024
# SharedData Build 5076995 on Wed May 22 18:29:18 MDT 2024
# Start of session at: Fri Oct 11 10:44:18 2024
# Process ID: 29908
# Current directory: C:/Users/gahym/EE4301_Labs/lab03/lab03.runs/impl_1
# Command line: vivado.exe -log lab2_top.vdi -applog -product Vivado -messageDb vivado.pb -mode batch -source lab2_top.tcl -notrace
# Log file: C:/Users/gahym/EE4301_Labs/lab03/lab03.runs/impl_1/lab2_top.vdi
# Journal file: C:/Users/gahym/EE4301_Labs/lab03/lab03.runs/impl_1\vivado.jou
# Running On        :LilyLaptop
# Platform          :Windows Server 2016 or Windows 10
# Operating System  :22631
# Processor Detail  :AMD Ryzen 7 8840HS w/ Radeon 780M Graphics     
# CPU Frequency     :3293 MHz
# CPU Physical cores:8
# CPU Logical cores :16
# Host memory       :16423 MB
# Swap memory       :9622 MB
# Total Virtual     :26045 MB
# Available Virtual :5281 MB
#-----------------------------------------------------------
source lab2_top.tcl -notrace
