#-----------------------------------------------------------
# Vivado v2024.1 (64-bit)
# SW Build 5076996 on Wed May 22 18:37:14 MDT 2024
# IP Build 5075265 on Wed May 22 21:45:21 MDT 2024
# SharedData Build 5076995 on Wed May 22 18:29:18 MDT 2024
# Start of session at: Mon Sep 30 21:04:14 2024
# Process ID: 38124
# Current directory: C:/Users/gahym/EE4301_Labs/lab02/lab02.runs/synth_1
# Command line: vivado.exe -log lab2_top.vds -product Vivado -mode batch -messageDb vivado.pb -notrace -source lab2_top.tcl
# Log file: C:/Users/gahym/EE4301_Labs/lab02/lab02.runs/synth_1/lab2_top.vds
# Journal file: C:/Users/gahym/EE4301_Labs/lab02/lab02.runs/synth_1\vivado.jou
# Running On        :DESKTOP-P2P8PNM
# Platform          :Windows Server 2016 or Windows 10
# Operating System  :22631
# Processor Detail  :AMD Ryzen 7 4700U with Radeon Graphics         
# CPU Frequency     :1996 MHz
# CPU Physical cores:8
# CPU Logical cores :8
# Host memory       :16495 MB
# Swap memory       :3221 MB
# Total Virtual     :19716 MB
# Available Virtual :4187 MB
#-----------------------------------------------------------
source lab2_top.tcl -notrace
